python : Traceback (most recent call last):
At line:1 char:1
+ python test_checkout.py > test_output.txt 2>&1
+ ~~~~~~~~~~~~~~~~~~~~~~~~~~~~~~~~~~~~~~~~~~~~~~
    + CategoryInfo          : NotSpecified: (Traceback (most recent call last)::String) [], RemoteException
    + FullyQualifiedErrorId : NativeCommandError
 
  File "D:\Hopper\AI-Agents\TrackerAgent\backend\test_checkout.py", line 40, in run_test
    response = await create_subscription(req, db, user_id)
  File "D:\Hopper\AI-Agents\TrackerAgent\backend\routes\stripe_routes.py", line 173, in create_subscription
    headers = _cashfree_headers()
  File "D:\Hopper\AI-Agents\TrackerAgent\backend\routes\stripe_routes.py", line 115, in _cashfree_headers
    raise HTTPException(
fastapi.exceptions.HTTPException: 503: Cashfree payment gateway is not configured
Testing with user user_3CX2OJ95TMrDhMpchlzJCyv65T8...
ERROR CAUGHT!
Fatal error on SSL transport
protocol: <asyncio.sslproto.SSLProtocol object at 0x0000021BC761B850>
transport: <_ProactorSocketTransport fd=940 read=<_OverlappedFuture cancelled>>
Traceback (most recent call last):
  File "C:\Users\hp\AppData\Local\Programs\Python\Python310\lib\asyncio\sslproto.py", line 684, in 
_process_write_backlog
    self._transport.write(chunk)
  File "C:\Users\hp\AppData\Local\Programs\Python\Python310\lib\asyncio\proactor_events.py", line 361, in write
    self._loop_writing(data=bytes(data))
  File "C:\Users\hp\AppData\Local\Programs\Python\Python310\lib\asyncio\proactor_events.py", line 397, in _loop_writing
    self._write_fut = self._loop._proactor.send(self._sock, data)
AttributeError: 'NoneType' object has no attribute 'send'
Exception ignored in: <function _SSLProtocolTransport.__del__ at 0x0000021BC387F520>
Traceback (most recent call last):
  File "C:\Users\hp\AppData\Local\Programs\Python\Python310\lib\asyncio\sslproto.py", line 321, in __del__
  File "C:\Users\hp\AppData\Local\Programs\Python\Python310\lib\asyncio\sslproto.py", line 316, in close
  File "C:\Users\hp\AppData\Local\Programs\Python\Python310\lib\asyncio\sslproto.py", line 593, in _start_shutdown
  File "C:\Users\hp\AppData\Local\Programs\Python\Python310\lib\asyncio\sslproto.py", line 598, in _write_appdata
  File "C:\Users\hp\AppData\Local\Programs\Python\Python310\lib\asyncio\sslproto.py", line 706, in 
_process_write_backlog
  File "C:\Users\hp\AppData\Local\Programs\Python\Python310\lib\asyncio\sslproto.py", line 720, in _fatal_error
  File "C:\Users\hp\AppData\Local\Programs\Python\Python310\lib\asyncio\proactor_events.py", line 151, in _force_close
  File "C:\Users\hp\AppData\Local\Programs\Python\Python310\lib\asyncio\base_events.py", line 745, in call_soon
  File "C:\Users\hp\AppData\Local\Programs\Python\Python310\lib\asyncio\base_events.py", line 510, in _check_closed
RuntimeError: Event loop is closed
